I'm sorry, but errors were detected in your script. Please correct the
errors listed below, and try again.


File "game/screens.rpy", line 605: Line is indented, but the preceding textbutton statement does not expect a block. Please check this line's indentation. You may have forgotten a colon (:).
    action Start("epilogue")
    ^

Ren'Py Version: Ren'Py 8.3.4.24120703
Sun Jan  5 20:25:40 2025
